// Jest Snapshot v1, https://goo.gl/fbAQLP

exports[`Planet Component matches snapshot 1`] = `
<View
  style={
    {
      "alignItems": "center",
      "backgroundColor": "#272c35",
      "borderRadius": 8,
      "flexDirection": "row",
      "justifyContent": "space-between",
      "marginVertical": 5,
      "padding": 10,
    }
  }
>
  <Text
    style={
      {
        "color": "#fff",
        "fontSize": 16,
      }
    }
  >
    Earth
  </Text>
  <View
    accessibilityState={
      {
        "busy": undefined,
        "checked": undefined,
        "disabled": undefined,
        "expanded": undefined,
        "selected": undefined,
      }
    }
    accessibilityValue={
      {
        "max": undefined,
        "min": undefined,
        "now": undefined,
        "text": undefined,
      }
    }
    accessible={true}
    collapsable={false}
    focusable={true}
    onClick={[Function]}
    onResponderGrant={[Function]}
    onResponderMove={[Function]}
    onResponderRelease={[Function]}
    onResponderTerminate={[Function]}
    onResponderTerminationRequest={[Function]}
    onStartShouldSetResponder={[Function]}
    style={
      {
        "opacity": 1,
      }
    }
  >
    <view
      color="#fff"
      name="heart-outline"
      size={24}
      testID="icon-heart-outline"
    />
  </View>
</View>
`;
