// Jest Snapshot v1, https://goo.gl/fbAQLP

exports[`PlanetList Component matches snapshot with planets 1`] = `
<RCTScrollView
  ListEmptyComponent={
    <Text
      style={
        {
          "color": "#fff",
          "fontSize": 16,
          "marginTop": 16,
        }
      }
    >
      No planets available.
    </Text>
  }
  data={
    [
      {
        "englishName": "Earth",
        "id": "earth",
        "rel": "earth-rel",
      },
      {
        "englishName": "Mars",
        "id": "mars",
        "rel": "mars-rel",
      },
    ]
  }
  getItem={[Function]}
  getItemCount={[Function]}
  keyExtractor={[Function]}
  onContentSizeChange={[Function]}
  onLayout={[Function]}
  onMomentumScrollBegin={[Function]}
  onMomentumScrollEnd={[Function]}
  onScroll={[Function]}
  onScrollBeginDrag={[Function]}
  onScrollEndDrag={[Function]}
  removeClippedSubviews={false}
  renderItem={[Function]}
  scrollEventThrottle={0.0001}
  stickyHeaderIndices={[]}
  testID="planet-list"
  viewabilityConfigCallbackPairs={[]}
>
  <View>
    <View
      onFocusCapture={[Function]}
      onLayout={[Function]}
      style={null}
    >
      <View
        accessibilityState={
          {
            "busy": undefined,
            "checked": undefined,
            "disabled": undefined,
            "expanded": undefined,
            "selected": undefined,
          }
        }
        accessibilityValue={
          {
            "max": undefined,
            "min": undefined,
            "now": undefined,
            "text": undefined,
          }
        }
        accessible={true}
        collapsable={false}
        focusable={true}
        onClick={[Function]}
        onResponderGrant={[Function]}
        onResponderMove={[Function]}
        onResponderRelease={[Function]}
        onResponderTerminate={[Function]}
        onResponderTerminationRequest={[Function]}
        onStartShouldSetResponder={[Function]}
        style={
          {
            "opacity": 1,
          }
        }
      >
        <view
          isFavorite={true}
          planet={
            {
              "englishName": "Earth",
              "id": "earth",
              "rel": "earth-rel",
            }
          }
          testID="planet-Earth"
        />
      </View>
    </View>
    <View
      onFocusCapture={[Function]}
      onLayout={[Function]}
      style={null}
    >
      <View
        accessibilityState={
          {
            "busy": undefined,
            "checked": undefined,
            "disabled": undefined,
            "expanded": undefined,
            "selected": undefined,
          }
        }
        accessibilityValue={
          {
            "max": undefined,
            "min": undefined,
            "now": undefined,
            "text": undefined,
          }
        }
        accessible={true}
        collapsable={false}
        focusable={true}
        onClick={[Function]}
        onResponderGrant={[Function]}
        onResponderMove={[Function]}
        onResponderRelease={[Function]}
        onResponderTerminate={[Function]}
        onResponderTerminationRequest={[Function]}
        onStartShouldSetResponder={[Function]}
        style={
          {
            "opacity": 1,
          }
        }
      >
        <view
          isFavorite={false}
          planet={
            {
              "englishName": "Mars",
              "id": "mars",
              "rel": "mars-rel",
            }
          }
          testID="planet-Mars"
        />
      </View>
    </View>
  </View>
</RCTScrollView>
`;
